Flutter crash report.
Please report a bug at https://github.com/flutter/flutter/issues.

## command

flutter analyze mobile/lib/features/home/home_page.dart mobile/lib/services/mvp_api_service.dart

## exception

_Exception: Exception: analysis server exited with code 255 and output:
[stderr] Unhandled exception:
[stderr] PathAccessException: Creation failed, path = '/Users/macbook/.dartServer' (OS Error: Operation not permitted, errno = 1)
[stderr] #0      _Directory.createSync (dart:io/directory_impl.dart:145:7)
[stderr] #1      _Directory.createSync (dart:io/directory_impl.dart:140:16)
[stderr] #2      PhysicalResourceProvider.getStateLocation (package:analyzer/file_system/physical_file_system.dart:79:17)
[stderr] #3      Driver._readUuid (package:analysis_server/src/server/driver.dart:695:10)
[stderr] #4      Driver.start (package:analysis_server/src/server/driver.dart:303:13)
[stderr] #5      main (file:///Volumes/Work/s/w/ir/x/w/sdk/pkg/analysis_server/bin/server.dart:10:11)
[stderr] #6      _delayEntrypointInvocation.<anonymous closure> (dart:isolate-patch/isolate_patch.dart:312:33)
[stderr] #7      _RawReceivePort._handleMessage (dart:isolate-patch/isolate_patch.dart:193:12)

```
```

## flutter doctor

```
[33m[!][39m Flutter (Channel [user-branch], 3.35.7, on macOS 12.7.6 21H1320 darwin-x64,
    locale en-US) [37.4s]
    [33m![39m Flutter version 3.35.7 on channel [user-branch] at
      /Users/macbook/Documents/projects/Roadguide/.flutter-sdk
      Currently on an unknown channel. Run `flutter channel` to switch to an
      official channel.
      If that doesn't fix the issue, reinstall Flutter by following instructions
      at https://flutter.dev/setup.
    [33m![39m Upstream repository unknown source is not a standard remote.
      Set environment variable "FLUTTER_GIT_URL" to unknown source to dismiss
      this error.
    [32m•[39m Framework revision adc9010625 (7 months ago), 2025-10-21 14:16:03 -0400
    [32m•[39m Engine revision 035316565a
    [32m•[39m Dart version 3.9.2
    [32m•[39m DevTools version 2.48.0
    [32m•[39m Feature flags: enable-web, enable-linux-desktop, enable-macos-desktop,
      enable-windows-desktop, enable-android, enable-ios, cli-animations,
      enable-native-assets, enable-lldb-debugging
    [32m•[39m If those were intentional, you can disregard the above warnings; however
      it is recommended to use "git" directly to perform update checks and
      upgrades.

[33m[!][39m Android toolchain - develop for Android devices (Android SDK version 36.1.0)
    [41.1s]
    [32m•[39m Android SDK at /Users/macbook/Library/Android/sdk
    [32m•[39m Emulator version 36.5.11.0 (build_id 15261927) (CL:N/A)
    [32m•[39m Platform android-36, build-tools 36.1.0
    [32m•[39m ANDROID_HOME = /Users/macbook/Library/Android/sdk
    [32m•[39m ANDROID_SDK_ROOT = /Users/macbook/Library/Android/sdk
    [32m•[39m Java binary at: /Applications/Android
      Studio.app/Contents/jbr/Contents/Home/bin/java
      This is the JDK bundled with the latest Android Studio installation on
      this machine.
      To manually set the JDK path, use: `flutter config
      --jdk-dir="path/to/jdk"`.
    [32m•[39m Java version OpenJDK Runtime Environment (build
      17.0.6+0-17.0.6b829.9-10027231)
    [31m✗[39m Android license status unknown.
      Run `flutter doctor --android-licenses` to accept the SDK licenses.
      See https://flutter.dev/to/macos-android-setup for more details.

[33m[!][39m Xcode - develop for iOS and macOS (Xcode 14.3.1) [44.2s]
    [32m•[39m Xcode at /Applications/Xcode.app/Contents/Developer
    [32m•[39m Build 14E300c
    [33m![39m Flutter recommends a minimum Xcode version of 15.
      Download the latest version or update via the Mac App Store.
    [32m•[39m CocoaPods version 1.16.2

[32m[✓][39m Chrome - develop for the web [47ms]
    [32m•[39m Chrome at /Applications/Google Chrome.app/Contents/MacOS/Google Chrome

[32m[✓][39m Android Studio (version 2022.3) [42ms]
    [32m•[39m Android Studio at /Applications/Android Studio.app/Contents
    [32m•[39m Flutter plugin can be installed from:
      🔨 https://plugins.jetbrains.com/plugin/9212-flutter
    [32m•[39m Dart plugin can be installed from:
      🔨 https://plugins.jetbrains.com/plugin/6351-dart
    [32m•[39m Java version OpenJDK Runtime Environment (build
      17.0.6+0-17.0.6b829.9-10027231)

[32m[✓][39m VS Code (version 1.101.2) [34ms]
    [32m•[39m VS Code at /Applications/Visual Studio Code.app/Contents
    [32m•[39m Flutter extension can be installed from:
      🔨 https://marketplace.visualstudio.com/items?itemName=Dart-Code.flutter

[32m[✓][39m Connected device (4 available) [14.5s]
    [32m•[39m SM A045F (mobile)            • R92TB0LZPCZ   • android-arm64  • Android 14
      (API 34)
    [32m•[39m sdk gphone64 x86 64 (mobile) • emulator-5554 • android-x64    • Android 16
      (API 36) (emulator)
    [32m•[39m macOS (desktop)              • macos         • darwin-x64     • macOS
      12.7.6 21H1320 darwin-x64
    [32m•[39m Chrome (web)                 • chrome        • web-javascript • Google
      Chrome 148.0.7778.179

[32m[✓][39m Network resources [1,333ms]
    [32m•[39m All expected network resources are available.

[33m![39m Doctor found issues in 3 categories.
```
